["```\nroot@iscsi_target:~# apt-get update && apt-get install iscsitarget iscsitarget-dkms\n\n```", "```\nroot@iscsi_target:~# sed -i 's/ISCSITARGET_ENABLE=false/ISCSITARGET_ENABLE=true/g' /etc/default/iscsitarget\nroot@iscsi_target:~# cat /etc/default/iscsitarget\nISCSITARGET_ENABLE=true\nISCSITARGET_MAX_SLEEP=3\n\n# ietd options\n# See ietd(8) for details\nISCSITARGET_OPTIONS=\"\"\nroot@iscsi_target:~#\n\n```", "```\nroot@iscsi_target:~# cat /etc/iet/ietd.conf\nTarget iqn.2001-04.com.example:kvm\n Lun 0 Path=/dev/loop1,Type=fileio\n Alias kvm_lun\n\nroot@iscsi_target:~#\n\n```", "```\nroot@iscsi_target:~# /etc/init.d/iscsitarget restart\n * Removing iSCSI enterprise target devices: [ OK ]\n * Stopping iSCSI enterprise target service: [ OK ]\n * Removing iSCSI enterprise target modules: [ OK ]\n * Starting iSCSI enterprise target service  [ OK ]\nroot@iscsi_target:~#\n\n```", "```\nroot@kvm1/2:~# apt-get update && apt-get install open-iscsi\n\n```", "```\nroot@kvm1/2:~# sed -i 's/node.startup = manual/node.startup = automatic/g' /etc/iscsi/iscsid.conf\nroot@kvm1/2:~# /etc/init.d/open-iscsi restart\n\n```", "```\nroot@kvm1/2:~# iscsiadm -m discovery -t sendtargets -p iscsi_target\n10.184.226.74:3260,1 iqn.2001-04.com.example:kvm\n172.99.88.246:3260,1 iqn.2001-04.com.example:kvm\n192.168.122.1:3260,1 iqn.2001-04.com.example:kvm\nroot@kvm:~#\n\n```", "```\nroot@kvm1:~# cat iscsi_pool.xml\n<pool type=\"iscsi\">\n <name>iscsi_pool</name>\n <source>\n <host name=\"iscsi_target.example.com\"/>\n <device path=\"iqn.2001-04.com.example:kvm\"/>\n </source>\n <target>\n <path>/dev/disk/by-path</path>\n </target>\n</pool>\nroot@kvm1:~# virsh pool-define iscsi_pool.xml\nPool iscsi_pool defined from iscsi_pool.xml\n\nroot@kvm1:~# virsh pool-list --all\n Name        State      Autostart\n-------------------------------------------\n iscsi_pool  inactive   no\n\nroot@kvm1:~#\n\n```", "```\nroot@kvm1:~# virsh pool-start iscsi_pool\nPool iscsi_pool started\n\nroot@kvm1:~# virsh pool-list --all\n Name         State   Autostart\n-------------------------------------------\n iscsi_pool   active   no\n\nroot@kvm1:~#\n\n```", "```\nroot@kvm1:~# virsh vol-list --pool iscsi_pool\n Name Path\n------------------------------------------------------------------------------\n unit:0:0:0 /dev/disk/by-path/ip-10.184.22.74:3260-iscsi-iqn.2001-04.com.example:kvm-lun-0\n\nroot@kvm1:~# virsh vol-info unit:0:0:0 --pool iscsi_pool\nName:       unit:0:0:0\nType:       block\nCapacity:   10.00 GiB\nAllocation: 10.00 GiB\n\nroot@kvm1:~#\n\n```", "```\nroot@kvm1:~# iscsiadm -m session\ntcp: [5] 10.184.226.74:3260,1 iqn.2001-04.com.example:kvm\nroot@kvm1:~# ls -la /dev/disk/by-path/\ntotal 0\ndrwxr-xr-x 2 root root 100 Apr 12 16:24 .\ndrwxr-xr-x 6 root root 120 Mar 21 22:14 ..\nlrwxrwxrwx 1 root root 9 Apr 12 16:24 ip-10.184.22.74:3260-iscsi-iqn.2001-04.com.example:kvm-lun-0 -> ../../sdf\nroot@kvm1:~#\n\n```", "```\nroot@kvm1:~# fdisk -l /dev/disk/by-path/ip-10.184.22.74\\:3260-iscsi-iqn.2001-04.com.example\\:kvm-lun-0\n\nDisk /dev/disk/by-path/ip-10.184.22.74:3260-iscsi-iqn.2001-04.com.example:kvm-lun-0: 10.7 GB, 10737418240 bytes\n64 heads, 32 sectors/track, 10240 cylinders, total 20971520 sectors\nUnits = sectors of 1 * 512 = 512 bytes\nSector size (logical/physical): 512 bytes / 512 bytes\nI/O size (minimum/optimal): 512 bytes / 512 bytes\nDisk identifier: 0x00000000\n\nDisk /dev/disk/by-path/ip-10.184.22.74:3260-iscsi-iqn.2001-04.com.example:kvm-lun-0 doesn't contain a valid partition table\nroot@kvm1:~#\n\n```", "```\nroot@kvm1:~# virt-install --name iscsi_kvm --ram 1024 --extra-args=\"text console=tty0 utf8 console=ttyS0,115200\" --graphics vnc,listen=0.0.0.0 --hvm --location=http://ftp.us.debian.org/debian/dists/stable/main/installer-amd64/ --disk vol=iscsi_pool/unit:0:0:0\n\nStarting install...\nRetrieving file MANIFEST... | 3.3 kB 00:00 ...\nRetrieving file linux...\n...\nroot@kvm1:~# virsh console iscsi_kvm\n...\nRequesting system reboot\n[ 305.315002] reboot: Restarting system\nroot@kvm1:~#\n\n```", "```\nroot@kvm1:~# partprobe\nroot@kvm1:~# ls -la /dev/disk/by-path/\ntotal 0\ndrwxr-xr-x 2 root root 160 Apr 12 16:36 .\ndrwxr-xr-x 6 root root 120 Mar 21 22:14 ..\nlrwxrwxrwx 1 root root 9 Apr 12 16:36 ip-10.184.22.74:3260-iscsi-iqn.2001-04.com.example:kvm-lun-0 -> ../../sdf\nlrwxrwxrwx 1 root root 10 Apr 12 16:36 ip-10.184.22.74:3260-iscsi-iqn.2001-04.com.example:kvm-lun-0-part1 -> ../../sdf1\nlrwxrwxrwx 1 root root 10 Apr 12 16:36 ip-10.184.22.74:3260-iscsi-iqn.2001-04.com.example:kvm-lun-0-part2 -> ../../sdf2\nlrwxrwxrwx 1 root root 10 Apr 12 16:36 ip-10.184.22.74:3260-iscsi-iqn.2001-04.com.example:kvm-lun-0-part5 -> ../../sdf5\nroot@kvm1:~# fdisk -l /dev/sdf\n\nDisk /dev/sdf: 10.7 GB, 10737418240 bytes\n255 heads, 63 sectors/track, 1305 cylinders, total 20971520 sectors\nUnits = sectors of 1 * 512 = 512 bytes\nSector size (logical/physical): 512 bytes / 512 bytes\nI/O size (minimum/optimal): 512 bytes / 512 bytes\nDisk identifier: 0x37eb1540\n\n Device Boot Start End Blocks Id System\n/dev/sdf1 * 2048 20013055 10005504 83 Linux\n/dev/sdf2 20015102 20969471 477185 5 Extended\n/dev/sdf5 20015104 20969471 477184 82 Linux swap / Solaris\nroot@kvm1:~# \n\n```", "```\nroot@kvm1:~# virsh start iscsi_kvm\nDomain iscsi_kvm started\n\nroot@kvm1:~# virsh list --all\n Id  Name        State\n----------------------------------------------------\n 19  iscsi_kvm   running\n\nroot@kvm1:~#\n\n```", "```\nroot@kvm1:~# virsh destroy iscsi_kvm\nDomain iscsi_kvm destroyed\n\nroot@kvm1:~# virsh pool-destroy iscsi_pool\nPool iscsi_pool destroyed\n\nroot@kvm1:~# iscsiadm -m session\niscsiadm: No active sessions.\nroot@kvm1:~#\n\n```", "```\nroot@kvm1:~# virsh dumpxml iscsi_kvm > iscsi_kvm.xml\nroot@kvm1:~# cat iscsi_kvm.xml\n<domain type='kvm'>\n <name>iscsi_kvm</name>\n <uuid>306e05ed-e398-ef33-d6e2-3708e90b89a6</uuid>\n <memory unit='KiB'>1048576</memory>\n <currentMemory unit='KiB'>1048576</currentMemory>\n <vcpu placement='static'>1</vcpu>\n <os>\n <type arch='x86_64' machine='pc-i440fx-trusty'>hvm</type>\n <boot dev='hd'/>\n </os>\n <features>\n <acpi/>\n <apic/>\n <pae/>\n </features>\n <clock offset='utc'/>\n <on_poweroff>destroy</on_poweroff>\n <on_reboot>restart</on_reboot>\n <on_crash>restart</on_crash>\n <devices>\n <emulator>/usr/bin/qemu-system-x86_64</emulator>\n <disk type='block' device='disk'>\n <driver name='qemu' type='raw'/>\n <source dev='/dev/disk/by-path/ip-10.184.22.74:3260-iscsi-iqn.2001-04.com.example:kvm-lun-0'/>\n <target dev='hda' bus='ide'/>\n <address type='drive' controller='0' bus='0' target='0' unit='0'/>\n </disk>\n <controller type='usb' index='0'>\n <address type='pci' domain='0x0000' bus='0x00' slot='0x01' function='0x2'/>\n </controller>\n <controller type='pci' index='0' model='pci-root'/>\n <controller type='ide' index='0'>\n <address type='pci' domain='0x0000' bus='0x00' slot='0x01' function='0x1'/>\n </controller>\n <interface type='network'>\n <mac address='52:54:00:8b:b8:e3'/>\n <source network='default'/>\n <model type='rtl8139'/>\n <address type='pci' domain='0x0000' bus='0x00' slot='0x03' function='0x0'/>\n </interface>\n <serial type='pty'>\n <target port='0'/>\n </serial>\n <console type='pty'>\n <target type='serial' port='0'/>\n </console>\n <input type='mouse' bus='ps2'/>\n <input type='keyboard' bus='ps2'/>\n <graphics type='vnc' port='-1' autoport='yes' listen='0.0.0.0'>\n <listen type='address' address='0.0.0.0'/>\n </graphics>\n <video>\n <model type='cirrus' vram='9216' heads='1'/>\n <address type='pci' domain='0x0000' bus='0x00' slot='0x02' function='0x0'/>\n </video>\n <memballoon model='virtio'>\n <address type='pci' domain='0x0000' bus='0x00' slot='0x04' function='0x0'/>\n </memballoon>\n </devices>\n</domain>\n\nroot@kvm1:~#\n\n```", "```\nroot@kvm1:~# virsh --connect qemu+ssh://kvm2/system pool-define iscsi_pool.xml\nPool iscsi_pool defined from iscsi_pool.xml\n\nroot@kvm1:~#\n\n```", "```\nroot@kvm1:~# virsh --connect qemu+ssh://kvm2/system pool-start iscsi_pool\nPool iscsi_pool started\n\nroot@kvm1:~# virsh --connect qemu+ssh://kvm2/system pool-list --all\n Name        State   Autostart\n-------------------------------------------\n iscsi_pool  active  no\n\nroot@kvm1:~#\n\n```", "```\nroot@kvm1:~# virsh --connect qemu+ssh://kvm2/system vol-list --pool iscsi_pool\n Name Path\n--------------------------------------------------------------------\n unit:0:0:0 /dev/disk/by-path/ip-10.184.22.74:3260-iscsi-iqn.2001-04.com.example:kvm-lun-0\n\nroot@kvm1:~#\n\n```", "```\nroot@kvm2:~# iscsiadm -m session\ntcp: [3] 10.184.226.74:3260,1 iqn.2001-04.com.example:kvm\nroot@kvm2:~# ls -la /dev/disk/by-path/\ntotal 0\ndrwxr-xr-x 2 root root 120 Apr 12 17:44 .\ndrwxr-xr-x 6 root root 120 Apr 12 17:44 ..\nlrwxrwxrwx 1 root root 9 Apr 12 17:44 ip-10.184.22.74:3260-iscsi-iqn.2001-04.com.example:kvm-lun-0 -> ../../sdc\nlrwxrwxrwx 1 root root 10 Apr 12 17:44 ip-10.184.22.74:3260-iscsi-iqn.2001-04.com.example:kvm-lun-0-part1 -> ../../sdc1\nlrwxrwxrwx 1 root root 10 Apr 12 17:44 ip-10.184.22.74:3260-iscsi-iqn.2001-04.com.example:kvm-lun-0-part2 -> ../../sdc2\nlrwxrwxrwx 1 root root 10 Apr 12 17:44 ip-10.184.22.74:3260-iscsi-iqn.2001-04.com.example:kvm-lun-0-part5 -> ../../sdc5\nroot@kvm2:~#\n\n```", "```\nroot@kvm1:~# virsh --connect qemu+ssh://kvm2/system define iscsi_kvm.xml\nDomain iscsi_kvm defined from iscsi_kvm.xml\n\nroot@kvm1:~# virsh --connect qemu+ssh://kvm2/system list --all\n Id   Name        State\n----------------------------------------------------\n -    iscsi_kvm   shut off\n\nroot@kvm:~# virsh --connect qemu+ssh://kvm2/system start iscsi_kvm\nDomain iscsi_kvm started\n\nroot@kvm:~# virsh --connect qemu+ssh://kvm2/system list --all\n Id    Name        State\n----------------------------------------------------\n 3     iscsi_kvm   running\n\nroot@kvm1:~#\n\n```", "```\nroot@iscsi_target:~# truncate --size 10G xvdb.img\nroot@iscsi_target:~# file -s xvdb.img\nxvdb.img: data\nroot@kvmiscsi_target:~# qemu-img info xvdb.img\nimage: xvdb.img\nfile format: raw\nvirtual size: 10G (10737418240 bytes)\ndisk size: 0\nroot@iscsi_target:~#\n\n```", "```\nroot@iscsi_target:~# grep 'loop' /lib/modules/`uname -r`/modules.builtin\nkernel/drivers/block/loop.ko\nroot@iscsi_target:~# losetup --find\n/dev/loop0\nroot@iscsi_target:~#\n\n```", "```\nroot@iscsi_target:~# losetup /dev/loop0 xvdb.img\nroot@iscsi_target:~# losetup --all\n/dev/loop0: [10300]:263347 (/root/xvdb.img)\nroot@iscsi_target:~#\n\n```", "```\nroot@glusterfs1/2:~# apt-get update && apt-get install glusterfs-server\n\n```", "```\nroot@glusterfs1:~# gluster peer status\npeer status: No peers present\nroot@glusterfs1:~# gluster peer probe glusterfs2\npeer probe: success\nroot@glusterfs1:~#\n\n```", "```\nroot@glusterfs1:~# gluster peer status\nNumber of Peers: 1\n\nHostname: glusterfs2\nPort: 24007\nUuid: 923d152d-df3b-4dfd-9def-18dbebf2b76a\nState: Peer in Cluster (Connected)\nroot@glusterfs1:~#\n\n```", "```\nroot@glusterfs1/2:~# mkfs.ext4 /dev/loop5\n...\nAllocating group tables: done\nWriting inode tables: done\nCreating journal (32768 blocks): done\nWriting superblocks and filesystem accounting information: done\nroot@glusterfs1/2:~# mount /dev/loop5 /mnt/\nroot@glusterfs1/2:~# mkdir /mnt/bricks\nroot@glusterfs1/2:~#\n\n```", "```\nroot@glusterfs1:~# gluster volume create kvm_gfs replica 2 transport tcp glusterfs1:/mnt/bricks/gfs1 glusterfs2:/mnt/bricks/gfs2\nvolume create: kvm_gfs: success: please start the volume to access data\nroot@glusterfs1:~# gluster volume list\nkvm_gfs\nroot@glusterfs1:~#\n\n```", "```\nroot@glusterfs1:~# gluster volume start kvm_gfs\nvolume start: kvm_gfs: success\nroot@glusterfs1:~# gluster volume info\n\nVolume Name: kvm_gfs\nType: Replicate\nVolume ID: 69823a48-8b1b-469f-b06a-14ef6f33a6f5\nStatus: Started\nNumber of Bricks: 1 x 2 = 2\nTransport-type: tcp\nBricks:\nBrick1: glusterfs1:/mnt/bricks/gfs1\nBrick2: glusterfs2:/mnt/bricks/gfs2\nroot@glusterfs1:~#\n\n```", "```\nroot@kvm1/2:~# apt-get update && apt-get install glusterfs-client \nroot@kvm1/2:~# mkdir /tmp/kvm_gfs\nroot@kvm1/2:~# mount -t glusterfs glusterfs1:/kvm_gfs /tmp/kvm_gfs\nroot@kvm1/2:~#\n\n```", "```\nroot@kvm1:~# virt-install --name kvm_gfs --ram 1024 --extra-args=\"text console=tty0 utf8 console=ttyS0,115200\" --graphics vnc,listen=0.0.0.0 --hvm --location=http://ftp.us.debian.org/debian/dists/stable/main/installer-amd64/ --disk /tmp/kvm_gfs/gluster_kvm.img,size=5\n...\nroot@kvm1:~#\n\n```", "```\nroot@kvm1/2:~# ls -al /tmp/kvm_gfs/\ntotal 1820300\ndrwxr-xr-x 3 root root 4096 Apr 13 14:48 .\ndrwxrwxrwt 6 root root 4096 Apr 13 15:00 ..\n-rwxr-xr-x 1 root root 5368709120 Apr 13 14:59 gluster_kvm.img\nroot@kvm1/2:~#\n\n```", "```\nroot@kvm1:~# virsh destroy kvm_gfs\nDomain kvm_gfs destroyed\n\nroot@kvm1:~# virsh dumpxml kvm_gfs > kvm_gfs.xml\nroot@kvm1:~#\n\n```", "```\nroot@kvm1:~# virsh --connect qemu+ssh://kvm2/system define kvm_gfs.xml\nDomain kvm_gfs defined from kvm_gfs.xml\n\nroot@kvm1:~# virsh --connect qemu+ssh://kvm2/system list --all\n Id    Name       State\n----------------------------------------------------\n -     kvm_gfs    shut off\n\nroot@kvm1:~#\n\n```", "```\nroot@kvm2:~# virsh start kvm_gfs\nDomain kvm_gfs started\n\nroot@kvm2:~#\n\n```", "```\nroot@kvm1:~# virsh list --all\n Id  Name        State\n----------------------------------------------------\n 26  iscsi_kvm   running\n\nroot@kvm1:~#\n\n```", "```\nroot@kvm1:~# virsh migrate --live iscsi_kvm qemu+ssh://kvm2/system\n\nroot@kvm1:~#\n\n```", "```\nroot@kvm1:~# virsh list --all\n Id   Name       State\n----------------------------------------------------\n -    iscsi_kvm  shut off\n\nroot@kvm1:~# virsh --connect qemu+ssh://kvm2/system list --all\n Id   Name     State\n----------------------------------------------------\n 10   iscsi_kvm  running\n\nroot@kvm1:~#\n\n```", "```\nroot@kvm2:~# virsh migrate --live iscsi_kvm qemu+ssh://kvm1/system\n\nroot@kvm2:~# virsh list --all\n Id Name State\n----------------------------------------------------\n\nroot@kvm2:~# virsh --connect qemu+ssh://kvm1/system list --all\n Id   Name        State\n----------------------------------------------------\n 28   iscsi_kvm   running\n\nroot@kvm2:~#\n\n```", "```\nroot@kvm1:~# virsh edit iscsi_kvm\n...\n<devices>\n ...\n <disk type='block' device='disk'>\n <driver name='qemu' type='raw' *cache='none'*/>\n <source dev='/dev/disk/by-path/ip-10.184.22.74:3260-iscsi-iqn.2001-04.com.example:kvm-lun-0'/>\n <target dev='hda' bus='ide'/>\n <address type='drive' controller='0' bus='0' target='0' unit='0'/>\n </disk>\n ...\n</devices>\n\n```", "```\nroot@kvm1/2:~# virsh sysinfo | grep -B5 -A3 uuid\n <system>\n <entry name='manufacturer'>FOXCONN</entry>\n <entry name='product'>CL7100</entry>\n <entry name='version'>PVT1-X05</entry>\n <entry name='serial'>2M2542Z069</entry>\n <entry name='uuid'>*02000100-0300-0400-0005-000600070008*</entry>\n <entry name='sku'>NULL</entry>\n <entry name='family'>Intel Grantley EP</entry>\n </system>\nroot@kvm1/2:~#\n\n```", "```\nroot@kvm2:~# vim /etc/libvirt/libvirtd.conf\n...\nhost_uuid = \"02000100-0300-0400-0006-000600070008\"\n...\nroot@kvm2:~# /etc/init.d/libvirt-bin restart\nlibvirt-bin stop/waiting\nlibvirt-bin start/running, process 12167\nroot@kvm2:~#\n\n```", "```\nroot@kvm1:~# cat /etc/hosts\n127.0.0.1 localhost\n\n10.184.226.106 kvm1.example.com kvm1\n10.184.226.74  kvm2.example.com kvm2\nroot@kvm1:~#\n\nroot@kvm2:~# cat /etc/hosts\n127.0.0.1 localhost\n\n10.184.226.106 kvm1.example.com kvm1\n10.184.226.74  kvm2.example.com kvm2\nroot@kvm2:~# \n\n```", "```\nroot@kvm1:~# cat /var/log/libvirt/libvirtd.log\n...\n2017-04-12 19:26:02.297+0000: 33149: error : virCommandWait:2399 : internal error: Child process (/usr/bin/iscsiadm --mode session) unexpected exit status 21\n...\nroot@kvm1:~# cat /var/log/libvirt/qemu/iscsi_kvm.log\n...\n2017-04-13 17:59:48.040+0000: starting up\nLC_ALL=C PATH=/usr/local/sbin:/usr/local/bin:/usr/bin:/usr/sbin:/sbin:/bin QEMU_AUDIO_DRV=none /usr/bin/qemu-system-x86_64 -name iscsi_kvm -S -machine pc-i440fx-trusty,accel=kvm,usb=off -m 1024 -realtime mlock=off -smp 1,sockets=1,cores=1,threads=1 -uuid 306e05ed-e398-ef33-d6e2-3708e90b89a6 -no-user-config -nodefaults -chardev socket,id=charmonitor,path=/var/lib/libvirt/qemu/iscsi_kvm.monitor,server,nowait -mon chardev=charmonitor,id=monitor,mode=control -rtc base=utc -no-shutdown -boot strict=on -device piix3-usb-uhci,id=usb,bus=pci.0,addr=0x1.0x2 -drive file=/dev/disk/by-path/ip-10.184.226.74:3260-iscsi-iqn.2001-04.com.example:kvm-lun-0,if=none,id=drive-ide0-0-0,format=raw,cache=none -device ide-hd,bus=ide.0,unit=0,drive=drive-ide0-0-0,id=ide0-0-0,bootindex=1 -netdev tap,fd=24,id=hostnet0 -device rtl8139,netdev=hostnet0,id=net0,mac=52:54:00:8b:b8:e3,bus=pci.0,addr=0x3 -chardev pty,id=charserial0 -device isa-serial,chardev=charserial0,id=serial0 -vnc 0.0.0.0:0 -device cirrus-vga,id=video0,bus=pci.0,addr=0x2 -incoming tcp:[::]:49153 -device virtio-balloon-pci,id=balloon0,bus=pci.0,addr=0x4\nchar device redirected to /dev/pts/0 (label charserial0)\nqemu: terminating on signal 15 from pid 33148\n2017-04-13 18:34:49.684+0000: shutting down\n...\nroot@kvm1:~#\n\n```", "```\nroot@kvm:~# virt-install --name kvm_no_sharedfs --ram 1024 --extra-args=\"text console=tty0 utf8 console=ttyS0,115200\" --graphics vnc,listen=0.0.0.0 --hvm --location=http://ftp.us.debian.org/debian/dists/stable/main/installer-amd64/ --disk /tmp/kvm_no_sharedfs.img,size=5\n\n```", "```\nroot@kvm1:~# virsh list --all\n Id  Name              State\n----------------------------------------------------\n 26  kvm_no_sharedfs   running\n\nroot@kvm1:~#\n\n```", "```\nroot@kvm1:~# virsh migrate --offline --persistent kvm_no_sharedfs qemu+ssh://kvm2/system\n\nroot@kvm1:~#\n\n```", "```\nroot@kvm1:~# virsh list --all\n Id    Name              State\n----------------------------------------------------\n 29    kvm_no_sharedfs   running\n\nroot@kvm1:~# virsh --connect qemu+ssh://kvm2/system list --all\n Id   Name               State\n----------------------------------------------------\n -    kvm_no_sharedfs    shut off\n\nroot@kvm1:~#\n\n```", "```\nroot@kvm1:~# virsh list --all\n Id   Name              State\n----------------------------------------------------\n 33   kvm_no_sharedfs   running\n\nroot@kvm1:~#\n\n```", "```\nroot@kvm1:~# virsh dumpxml kvm_no_sharedfs | grep \"source file\"\n <source file='/tmp/kvm_no_sharedfs.img'/>\nroot@kvm1:~#\n\n```", "```\nroot@kvm1:~# scp /tmp/kvm_no_sharedfs.img kvm2:/tmp/\nkvm_no_sharedfs.img 100% 5120MB 243.8MB/s 00:21\nroot@kvm1:~#\n\n```", "```\nroot@kvm1:~# virsh migrate --live --persistent --verbose --copy-storage-all kvm_no_sharedfs qemu+ssh://kvm2/system\nMigration: [100 %]\nroot@kvm1:~# virsh list --all\n Id     Name               State\n----------------------------------------------------\n -      kvm_no_sharedfs    shut off\n\nroot@kvm1:~# virsh --connect qemu+ssh://kvm2/system list --all\n Id     Name               State\n----------------------------------------------------\n 17     kvm_no_sharedfs    running\n\nroot@kvm1:~#\n\n```", "```\nroot@kvm2:~# virsh migrate --live --persistent --verbose --copy-storage-inc kvm_no_sharedfs qemu+ssh://kvm/system\nMigration: [100 %]\nroot@kvm2:~#\n\n```"]