["```\nroot@kvm:~# apt-get update\n\n```", "```\nroot@kvm:~# apt-get install -y qemu\n\n```", "```\nroot@kvm:~# yum install qemu-kvm\n\n```", "```\nroot@kvm:~#cd /usr/src && wget \nhttp://download.qemu-project.org/qemu-2.8.0.tar.xz\n\n```", "```\nroot@kvm:/usr/src# tar xvJf qemu-2.8.0.tar.xz && cd qemu-        2.8.0\n\n```", "```\nroot@kvm:/usr/src/qemu-2.8.0# ./configure  \nroot@kvm:/usr/src/qemu-2.8.0# make && make install\n\n```", "```\nroot@kvm:~# dpkg --list | grep qemu\nii ipxe-qemu 1.0.0+git-20150424.a25a16d-1ubuntu1 all PXE boot firmware - ROM images for qemu\nii qemu 1:2.5+dfsg-5ubuntu10.8 amd64 fast processor emulator\nii qemu-block-extra:amd64 1:2.5+dfsg-5ubuntu10.8 amd64 extra block backend modules for qemu-system and qemu-utils\nii qemu-slof 20151103+dfsg-1ubuntu1 all Slimline Open Firmware -- QEMU PowerPC version\nii qemu-system 1:2.5+dfsg-5ubuntu10.8 amd64 QEMU full system emulation binaries\nii qemu-system-arm 1:2.5+dfsg-5ubuntu10.8 amd64 QEMU full system emulation binaries (arm)\nii qemu-system-common 1:2.5+dfsg-5ubuntu10.8 amd64 QEMU full system emulation binaries (common files)\nii qemu-system-mips 1:2.5+dfsg-5ubuntu10.8 amd64 QEMU full system emulation binaries (mips)\nii qemu-system-misc 1:2.5+dfsg-5ubuntu10.8 amd64 QEMU full system emulation binaries (miscelaneous)\nii qemu-system-ppc 1:2.5+dfsg-5ubuntu10.8 amd64 QEMU full system emulation binaries (ppc)\nii qemu-system-sparc 1:2.5+dfsg-5ubuntu10.8 amd64 QEMU full system emulation binaries (sparc)\nii qemu-system-x86 1:2.5+dfsg-5ubuntu10.8 amd64 QEMU full system emulation binaries (x86)\nii qemu-user 1:2.5+dfsg-5ubuntu10.8 amd64 QEMU user mode emulation binaries\nii qemu-user-binfmt 1:2.5+dfsg-5ubuntu10.8 amd64 QEMU user mode binfmt registration for qemu-user\nii qemu-utils 1:2.5+dfsg-5ubuntu10.8 amd64 QEMU utilities\nroot@kvm:~#\n\n```", "```\nroot@kvm:~# qemu-\nqemu-aarch64 qemu-io qemu-mips64el qemu-ppc64 qemu-sparc32plus qemu-system-lm32 qemu-system-mipsel qemu-system-sh4 qemu-system-xtensa\nqemu-alpha qemu-m68k qemu-mipsel qemu-ppc64abi32 qemu-sparc64 qemu-system-m68k qemu-system-moxie qemu-system-sh4eb qemu-system-xtensaeb\nqemu-arm qemu-make-debian-root qemu-mipsn32 qemu-ppc64le qemu-system-aarch64 qemu-system-microblaze qemu-system-or32 qemu-system-sparc qemu-tilegx\nqemu-armeb qemu-microblaze qemu-mipsn32el qemu-s390x qemu-system-alpha qemu-system-microblazeel qemu-system-ppc qemu-system-sparc64 qemu-unicore32\nqemu-cris qemu-microblazeel qemu-nbd qemu-sh4 qemu-system-arm qemu-system-mips qemu-system-ppc64 qemu-system-tricore qemu-x86_64\nqemu-i386 qemu-mips qemu-or32 qemu-sh4eb qemu-system-cris qemu-system-mips64 qemu-system-ppc64le qemu-system-unicore32\nqemu-img qemu-mips64 qemu-ppc qemu-sparc qemu-system-i386 qemu-system-mips64el qemu-system-ppcemb qemu-system-x86_64\nroot@kvm:~#\n\n```", "```\nroot@kvm:~# qemu-img -h | grep Supported\nSupported formats: bochs vvfat rbd vpc parallels tftp ftp ftps raw https qcow dmg http qcow2 quorum null-aio cloop vdi iscsi null-co vhdx blkverify file vmdk host_cdrom blkdebug host_device sheepdog qed nbd\nroot@kvm:~#\n\n```", "```\nroot@kvm:~# qemu-img create -f raw debian.img 10G    \nFormatting 'debian.img', fmt=raw size=10737418240    \nroot@kvm:~#\n\n```", "```\nroot@kvm:~# ls -lah debian.img    \n-rw-r--r-- 1 root root 10G Feb 10 16:58 debian.img    \n root@kvm:~#\n\n```", "```\nroot@kvm:~# file -s debian.img    \ndebian.img: data    \nroot@kvm:~#\n\n```", "```\nroot@kvm:~# qemu-img info debian.img\nimage: debian.img\nfile format: raw\nvirtual size: 10G (10737418240 bytes)\ndisk size: 0\nroot@kvm:~#\n\n```", "```\n root@kvm:~# modprobe nbd\n    root@kvm:~#\n\n```", "```\nroot@kvm:~# qemu-nbd --format=raw --connect=/dev/nbd0          debian.img  \nroot@kvm:~#\n\n```", "```\nroot@kvm:~# sfdisk /dev/nbd0 << EOF    \n>,1024,82    \n>;    \n>EOF Checking that no-one is using this disk right now ...\nOK\nDisk /dev/nbd0: cannot get geometry\n\nDisk /dev/nbd0: 1305 cylinders, 255 heads, 63 sectors/track\n\nsfdisk: ERROR: sector 0 does not have an msdos signature\n /dev/nbd0: unrecognized partition table type\nOld situation:\nNo partitions found\nNew situation:\nUnits = cylinders of 8225280 bytes, blocks of 1024 bytes, counting from 0\n\n Device Boot Start End #cyls #blocks Id System\n/dev/nbd0p1 0+ 1023 1024- 8225279+ 82 Linux swap / Solaris\n/dev/nbd0p2 1024 1304 281 2257132+ 83 Linux\n/dev/nbd0p3 0 - 0 0 0 Empty\n/dev/nbd0p4 0 - 0 0 0 Empty\nWarning: no primary partition is marked bootable (active)\nThis does not matter for LILO, but the DOS MBR will not boot this disk.\nSuccessfully wrote the new partition table\n\nRe-reading the partition table ...\n\nIf you created or changed a DOS partition, /dev/foo7, say, then use dd(1)\nto zero the first 512 bytes: dd if=/dev/zero of=/dev/foo7 bs=512 count=1\n(See fdisk(8).)\nroot@kvm:~#\n\n```", "```\nroot@kvm:~# ls -la /dev/nbd0*    \nbrw-rw---- 1 root disk 43, 0 Feb 10 18:24 /dev/nbd0    \nbrw-rw---- 1 root disk 43, 1 Feb 10 18:24 /dev/nbd0p1    \nbrw-rw---- 1 root disk 43, 2 Feb 10 18:24 /dev/nbd0p2    \nroot@kvm:~#\n\n```", "```\nroot@kvm:~# mkswap /dev/nbd0p1    \nSetting up swapspace version 1, size = 508 KiB (520192 bytes)    \nno label, UUID=c246fe39-1bc5-4978-967c-806264771d69    \nroot@kvm:~#\n\n```", "```\nroot@kvm:~# mkfs.ext4 /dev/nbd0p2    \nmke2fs 1.42.13 (17-May-2015)    \nDiscarding device blocks: failed - Input/output error    \nCreating filesystem with 2620928 4k blocks and 655360 inodes    \nFilesystem UUID: 2ffa23de-579a-45ad-abbc-2a179de67f11    \nSuperblock backups stored on blocks:    \n    32768, 98304, 163840, 229376, 294912, 819200, 884736, 1605632    \nAllocating group tables: done    \nWriting inode tables: done    \nCreating journal (32768 blocks): done    \nWriting superblocks and filesystem accounting information: done    \nroot@kvm:~#\n\n```", "```\nroot@kvm:~# modinfo nbd\nfilename: /lib/modules/4.4.0-62-generic/kernel/drivers/block/nbd.ko\nlicense: GPL\ndescription: Network Block Device\nsrcversion: C67096AF2AE3C738DBE0B7E\ndepends:\nintree: Y\nvermagic: 4.4.0-62-generic SMP mod_unload modversions\nparm: nbds_max:number of network block devices to initialize (default: 16) (int)\nparm: max_part:number of partitions per device (default: 0) (int)\nroot@kvm:~#\n\n```", "```\nroot@kvm:~# file -s /dev/nbd0\n/dev/nbd0: x86 boot sector\nroot@kvm:~#\n\n```", "```\nroot@kvm:~# file -s debian.img\ndebian.img: x86 boot sector\nroot@kvm:~#\n\n```", "```\nroot@kvm:~# ls -la /dev/nbd0* brw-rw---- 1 root disk 43, 0 Feb 10 18:24 /dev/nbd0\nbrw-rw---- 1 root disk 43, 1 Feb 10 18:24 /dev/nbd0p1\nbrw-rw---- 1 root disk 43, 2 Feb 10 18:24 /dev/nbd0p2\nroot@kvm:~#\n\n```", "```\nroot@kvm:~# apt install -y debootstrap\n...\nSetting up debootstrap (1.0.78+nmu1ubuntu1.2) ...\nroot@kvm:~#\n\n```", "```\nroot@kvm:~# mount /dev/nbd0p2 /mnt/    \nroot@kvm:~# mount | grep mnt    \n/dev/nbd0p2 on /mnt type ext4 (rw) \nroot@kvm:~#\n\n```", "```\nroot@kvm:~# debootstrap --arch=amd64 --include=\"openssh-server vim\" stable /mnt/ http://httpredir.debian.org/debian/    \n...    \nI: Base system installed successfully.    \nroot@kvm:~#\n\n```", "```\nroot@kvm:~# ls -lah /mnt/    \ntotal 100K    drwxr-xr-x 22 root root 4.0K Feb 10 17:19 .    \ndrwxr-xr-x 23 root root 4.0K Feb 10 15:29 ..    \ndrwxr-xr-x 2 root root 4.0K Feb 10 17:19 bin    \ndrwxr-xr-x 2 root root 4.0K Dec 28 17:42 boot    \ndrwxr-xr-x 4 root root 4.0K Feb 10 17:18 dev    \ndrwxr-xr-x 55 root root 4.0K Feb 10 17:19 etc    \ndrwxr-xr-x 2 root root 4.0K Dec 28 17:42 home    \ndrwxr-xr-x 12 root root 4.0K Feb 10 17:19 lib    \ndrwxr-xr-x 2 root root 4.0K Feb 10 17:18 lib64    \ndrwx------ 2 root root 16K Feb 10 17:06 lost+found    \ndrwxr-xr-x 2 root root 4.0K Feb 10 17:18 media    \ndrwxr-xr-x 2 root root 4.0K Feb 10 17:18 mnt    \ndrwxr-xr-x 2 root root 4.0K Feb 10 17:18 opt    \ndrwxr-xr-x 2 root root 4.0K Dec 28 17:42 proc    \ndrwx------ 2 root root 4.0K Feb 10 17:18 root    \ndrwxr-xr-x 4 root root 4.0K Feb 10 17:19 run    \ndrwxr-xr-x 2 root root 4.0K Feb 10 17:19 sbin    \ndrwxr-xr-x 2 root root 4.0K Feb 10 17:18 srv    \ndrwxr-xr-x 2 root root 4.0K Apr 6 2015 sys    \ndrwxrwxrwt 2 root root 4.0K Feb 10 17:18 tmp    \ndrwxr-xr-x 10 root root 4.0K Feb 10 17:18 usr    \ndrwxr-xr-x 11 root root 4.0K Feb 10 17:18 var    \nroot@kvm:~#\n\n```", "```\nroot@kvm:~# mount --bind /dev/ /mnt/dev    \nroot@kvm:~#\n\n```", "```\nroot@kvm:~# ls -la /mnt/dev/ | grep nbd0    \nbrw-rw---- 1 root disk 43, 0 Feb 10 18:24 nbd0    \nbrw-rw---- 1 root disk 43, 1 Feb 10 18:26 nbd0p1    \nbrw-rw---- 1 root disk 43, 2 Feb 10 18:26 nbd0p2    \nroot@kvm:~#\n\n```", "```\nroot@kvm:~# chroot /mnt/    \nroot@kvm:/# pwd\n/    \nroot@kvm:/#\n\n```", "```\nroot@kvm:/# cat /etc/debian_version\n8.7    \nroot@kvm:/#\n\n```", "```\nroot@kvm:/# mount -t proc none /proc    \nroot@kvm:/# mount -t sysfs none /sys    \nroot@kvm:/#\n\n```", "```\nroot@kvm:/# apt-get install -y --force-yes linux-image-amd64 grub2\n\n```", "```\nroot@kvm:/# grub-install /dev/nbd0 --force \nInstalling for i386-pc platform.\ngrub-install: warning: this msdos-style partition label has no post-MBR gap; embedding won't be possible.\ngrub-install: warning: Embedding is not possible. GRUB can only be installed in this setup by using blocklists. However, blocklists are UNRELIABLE and their use is discouraged..\nInstallation finished. No error reported. \nroot@kvm:/#\n\n```", "```\nroot@kvm:/# update-grub2    \nGenerating grub configuration file ...\nFound linux image: /boot/vmlinuz-3.16.0-4-amd64\nFound initrd image: /boot/initrd.img-3.16.0-4-amd64\ndone   \nroot@kvm:/#\n\n```", "```\nroot@kvm:/# passwd    \nEnter new UNIX password:    \nRetype new UNIX password:    \npasswd: password updated successfully    \nroot@kvm:/#\n\n```", "```\nroot@kvm:/# echo \"pts/0\" >> /etc/securetty    \nroot@kvm:/#\n\n```", "```\nroot@kvm:/# systemctl set-default multi-user.target    \nCreated symlink from /etc/systemd/system/default.target to /lib/systemd/system/multi-user.target.    \nroot@kvm:/#\n\n```", "```\nroot@kvm:/# echo \"/dev/sda2 / ext4 defaults,discard 0 0\" > /etc/fstab\n\n```", "```\nroot@kvm:/# umount /proc/ /sys/ /dev/\n\n```", "```\nroot@kvm:/# exit    \nexit    \nroot@kvm:~#\n\n```", "```\nroot@kvm:~# grub-install /dev/nbd0 --root-directory=/mnt --modules=\"biosdisk part_msdos\" --force \nInstalling for i386-pc platform.\ngrub-install: warning: this msdos-style partition label has no post-MBR gap; embedding won't be possible.\ngrub-install: warning: Embedding is not possible. GRUB can only be installed in this setup by using blocklists. However, blocklists are UNRELIABLE and their use is discouraged..\nInstallation finished. No error reported.    \nroot@kvm:~#\n\n```", "```\nroot@kvm:~# sed -i 's/nbd0p2/sda2/g' /mnt/boot/grub/grub.cfg    \nroot@kvm:~#\n\n```", "```\nroot@kvm:~# umount /mnt    \nroot@kvm:~#\n\n```", "```\nroot@kvm:~# qemu-nbd --disconnect /dev/nbd0    \n/dev/nbd0 disconnected    \nroot@kvm:~#\n\n```", "```\nroot@kvm:~# apt install kpartx\n\n```", "```\nroot@kvm:~# qemu-img info debian.img    \nimage: debian.img\nfile format: raw\nvirtual size: 10G (10737418240 bytes)\ndisk size: 848M    \nroot@kvm:~#\n\n```", "```\nroot@kvm:~# qemu-img resize -f raw debian.img +10GB    \nImage resized.    \nroot@kvm:~#\n\n```", "```\nroot@kvm:~# qemu-img info debian.img    \nimage: debian.img\nfile format: raw\nvirtual size: 20G (21474836480 bytes)\ndisk size: 848M   \nroot@kvm:~#\n\n```", "```\nroot@kvm:~# losetup -f \n/dev/loop0    \nroot@kvm:~#\n\n```", "```\nroot@kvm:~# losetup /dev/loop1 debian.img    \nroot@kvm:~#\n\n```", "```\nroot@kvm:~# kpartx -av /dev/loop1    \nadd map loop1p1 (252:0): 0 1024 linear 7:1 2048    \nadd map loop1p2 (252:1): 0 20967424 linear 7:1 4096\nroot@kvm:~#\n\n```", "```\nroot@kvm:~# ls -la /dev/mapper    \ntotal 0    \ndrwxr-xr-x 2 root root 100 Mar 9 19:10 .    \ndrwxr-xr-x 20 root root 4760 Mar 9 19:10 ..    \ncrw------- 1 root root 10, 236 Feb 10 23:25 control    \nlrwxrwxrwx 1 root root 7 Mar 9 19:10 loop1p1    \nlrwxrwxrwx 1 root root 7 Mar 9 19:10 loop1p2    \nroot@kvm:~#\n\n```", "```\nroot@kvm:~# tune2fs -l /dev/mapper/loop1p2    \ntune2fs 1.42.13 (17-May-2015)    \nFilesystem volume name: <none>    \nLast mounted on: /    \nFilesystem UUID: 96a73752-489a-435c-8aa0-8c5d1aba3e5f    \nFilesystem magic number: 0xEF53    \nFilesystem revision #: 1 (dynamic)    \nFilesystem features: has_journal ext_attr resize_inode dir_index filetype needs_recovery extent flex_bg sparse_super            large_file huge_file uninit_bg dir_nlink extra_isize    Filesystem flags: signed_directory_hash    \nDefault mount options: user_xattr acl    \nFilesystem state: clean    \nErrors behavior: Continue    \nFilesystem OS type: Linux    \nInode count: 655360    \nBlock count: 2620928    \nReserved block count: 131046    \nFree blocks: 2362078    \nFree inodes: 634148    \nFirst block: 0    \nBlock size: 4096    \nFragment size: 4096    \nReserved GDT blocks: 639    \nBlocks per group: 32768    \nFragments per group: 32768    \nInodes per group: 8192    \nInode blocks per group: 512    \nFlex block group size: 16    \nFilesystem created: Fri Feb 10 23:29:01 2017    \nLast mount time: Thu Mar 9 19:09:25 2017    \nLast write time: Thu Mar 9 19:08:23 2017    \nMount count: 12    \nMaximum mount count: -1    \nLast checked: Fri Feb 10 23:29:01 2017    \nCheck interval: 0 (<none>)    \nLifetime writes: 1621 MB    \nReserved blocks uid: 0 (user root)    \nReserved blocks gid: 0 (group root)    \nFirst inode: 11    \nInode size: 256    \nRequired extra isize: 28    \nDesired extra isize: 28    \nJournal inode: 8    \nDefault directory hash: half_md4    \nDirectory Hash Seed: f101cccc-944e-4773-8644-91ebf4bd4f2d    \nJournal backup: inode blocks    \nroot@kvm:~#\n\n```", "```\nroot@kvm:~# e2fsck /dev/mapper/loop1p2    \ne2fsck 1.42.13 (17-May-2015)    \n/dev/mapper/loop1p2: recovering journal    Setting free blocks count to 2362045 (was 2362078)    /dev/mapper/loop1p2: clean, 21212/655360 files, 258883/2620928 blocks    \nroot@kvm:~#\n\n```", "```\nroot@kvm:~# tune2fs -O ^has_journal /dev/mapper/loop1p2    \ntune2fs 1.42.13 (17-May-2015)    \nroot@kvm:~#\n\n```", "```\nroot@kvm:~# tune2fs -l /dev/mapper/loop1p2 | grep \"features\"    \nFilesystem features: ext_attr resize_inode dir_index filetype extent flex_bg sparse_super large_file huge_file uninit_bg     dir_nlink extra_isize    \nroot@kvm:~#\n\n```", "```\nroot@kvm:~# kpartx -dv /dev/loop1    \ndel devmap : loop1p2    \ndel devmap : loop1p1    \nroot@kvm:~#\n\n```", "```\nroot@kvm:~# losetup -d /dev/loop1    \nroot@kvm:~#\n\n```", "```\nroot@kvm:~# qemu-nbd --format=raw --connect=/dev/nbd0 debian.img  root@kvm:~#\n\n```", "```\nroot@kvm:~# fdisk /dev/nbd0 \nCommand (m for help): p\n\nDisk /dev/nbd0: 21.5 GB, 21474836480 bytes\n255 heads, 63 sectors/track, 2610 cylinders, total 41943040 sectors\nUnits = sectors of 1 * 512 = 512 bytes\nSector size (logical/physical): 512 bytes / 512 bytes\nI/O size (minimum/optimal): 512 bytes / 512 bytes\nDisk identifier: 0x00000000\n\n Device Boot Start End Blocks Id System\n/dev/nbd0p1 1 16450559 8225279+ 82 Linux swap / Solaris\n/dev/nbd0p2 16450560 20964824 2257132+ 83 Linux\n\nCommand (m for help): d\nPartition number (1-4): 2\n\nCommand (m for help): n\nPartition type:\n p primary (1 primary, 0 extended, 3 free)\n e extended\nSelect (default p): p\nPartition number (1-4, default 2): 2\nFirst sector (16450560-41943039, default 16450560):\nUsing default value 16450560\nLast sector, +sectors or +size{K,M,G} (16450560-41943039, default 41943039):\nUsing default value 41943039\n\nCommand (m for help): w\nThe partition table has been altered!\n\nCalling ioctl() to re-read partition table.\nSyncing disks.\nroot@kvm:~#\n\n```", "```\nroot@kvm:~# losetup /dev/loop1 debian.img\n\n```", "```\nroot@kvm:~# kpartx -av /dev/loop1    \nadd map loop1p1 (252:2): 0 1024 linear 7:1 2048    \nadd map loop1p2 (252:3): 0 41938944 linear 7:1 4096    \nroot@kvm:~#\n\n```", "```\nroot@kvm:~# e2fsck -f /dev/mapper/loop1p2    \ne2fsck 1.42.13 (17-May-2015)    \nPass 1: Checking inodes, blocks, and sizes    \nPass 2: Checking directory structure    \nPass 3: Checking directory connectivity    \nPass 4: Checking reference counts    \nPass 5: Checking group summary information    \n/dev/mapper/loop1p2: 21212/655360 files (0.2% non-contiguous), 226115/2620928 blocks    \nroot@kvm:~#\n\n```", "```\nroot@kvm:~# resize2fs /dev/nbd0p2 \nresize2fs 1.42.13 (17-May-2015) \nResizing the filesystem on /dev/mapper/loop1p2 to 5242368 (4k) blocks. \nThe filesystem on /dev/mapper/loop1p2 is now 5242368 (4k) blocks long. \nroot@kvm:~#\n\n```", "```\nroot@kvm:~# tune2fs -j /dev/mapper/loop1p2    \ntune2fs 1.42.13 (17-May-2015)    \nCreating journal inode: done    \nroot@kvm:~#\n\n```", "```\nroot@kvm:~# kpartx -dv /dev/loop1    \ndel devmap : loop1p2    \ndel devmap : loop1p1    \nroot@kvm:~# losetup -d /dev/loop1    \nroot@kvm:~#\n\n```", "```\nroot@kvm:~tmp# wget https://people.debian.org/~aurel32/qemu/amd64/debian_wheezy_amd64_standard.qcow2    \n--2017-03-09 22:07:20-- 2    Resolving people.debian.org (people.debian.org)... 2001:41c8:1000:21::21:30, 5.153.231.30    Connecting to people.debian.org (people.debian.org)|2001:41c8:1000:21::21:30|:443... connected.    HTTP request sent, awaiting response... 200 OK    Length: 267064832 (255M)    Saving to: ‘debian_wheezy_amd64_standard.qcow2’    debian_wheezy_amd64_standard.qcow2 100% .  [===================================>] 254.69M 35.8MB/s in 8.3s    2017-03-09 22:07:29 (30.9 MB/s) - ‘debian_wheezy_amd64_standard.qcow2’ saved [267064832/267064832]    \nroot@kvm:~#\n\n```", "```\nroot@kvm:~# qemu-img info debian_wheezy_amd64_standard.qcow2    \nimage: debian_wheezy_amd64_standard.qcow2    \nfile format: qcow2    \nvirtual size: 25G (26843545600 bytes)    \ndisk size: 261M    \ncluster_size: 65536    \nFormat specific information:    \ncompat: 1.1    \nlazy refcounts: false    \nrefcount bits: 16    \ncorrupt: false    \nroot@kvm:~#\n\n```", "```\nroot@kvm:/tmp# wget         https://cloud.centos.org/centos/7/images/CentOS-7-x86_64-GenericCloud.qcow2    --2017-03-09 22:11:34-- https://cloud.centos.org/centos/7/images/CentOS-7-x86_64-GenericCloud.qcow2    Resolving cloud.centos.org (cloud.centos.org)... 2604:4500::2a8a, 136.243.75.209    Connecting to cloud.centos.org (cloud.centos.org)|2604:4500::2a8a|:443... connected.    HTTP request sent, awaiting response... 200 OK    Length: 1361182720 (1.3G)    Saving to: ‘CentOS-7-x86_64-GenericCloud.qcow2’\nCentOS-7-x86_64-GenericCloud.qcow2 100%[=========================================>] 1.27G 22.3MB/s in 54s\n2017-03-09 22:12:29 (24.0 MB/s) - ‘CentOS-7-x86_64-GenericCloud.qcow2’ saved [1361182720/1361182720]\nFINISHED --2017-03-09 22:12:29--    Total wall clock time: 54s    Downloaded: 1 files, 1.3G in 54s (24.0 MB/s)    \nroot@kvm:/tmp#\n\n```", "```\nroot@kvm:~# qemu-img info CentOS-7-x86_64-GenericCloud.qcow2    \nimage: CentOS-7-x86_64-GenericCloud.qcow2    \nfile format: qcow2    \nvirtual size: 8.0G (8589934592 bytes)    \ndisk size: 1.3G    \ncluster_size: 65536    \nFormat specific information:    \ncompat: 0.10    \nrefcount bits: 16    \nroot@kvm:~#\n\n```", "```\nroot@kvm:~# ls -la /usr/bin/qemu-system-*\n-rwxr-xr-x 1 root root 8868848 Jan 25 12:49 /usr/bin/qemu-system-aarch64\n-rwxr-xr-x 1 root root 7020544 Jan 25 12:49 /usr/bin/qemu-system-alpha\n-rwxr-xr-x 1 root root 8700784 Jan 25 12:49 /usr/bin/qemu-system-arm\n-rwxr-xr-x 1 root root 3671488 Jan 25 12:49 /usr/bin/qemu-system-cris\n-rwxr-xr-x 1 root root 8363680 Jan 25 12:49 /usr/bin/qemu-system-i386\n-rwxr-xr-x 1 root root 3636640 Jan 25 12:49 /usr/bin/qemu-system-lm32\n-rwxr-xr-x 1 root root 6982528 Jan 25 12:49 /usr/bin/qemu-system-m68k\n-rwxr-xr-x 1 root root 3652224 Jan 25 12:49 /usr/bin/qemu-system-microblaze\n-rwxr-xr-x 1 root root 3652224 Jan 25 12:49 /usr/bin/qemu-system-microblazeel\n-rwxr-xr-x 1 root root 8132992 Jan 25 12:49 /usr/bin/qemu-system-mips\n-rwxr-xr-x 1 root root 8356672 Jan 25 12:49 /usr/bin/qemu-system-mips64\n-rwxr-xr-x 1 root root 8374336 Jan 25 12:49 /usr/bin/qemu-system-mips64el\n-rwxr-xr-x 1 root root 8128896 Jan 25 12:49 /usr/bin/qemu-system-mipsel\n-rwxr-xr-x 1 root root 3578592 Jan 25 12:49 /usr/bin/qemu-system-moxie\n-rwxr-xr-x 1 root root 3570848 Jan 25 12:49 /usr/bin/qemu-system-or32\n-rwxr-xr-x 1 root root 8701760 Jan 25 12:49 /usr/bin/qemu-system-ppc\n-rwxr-xr-x 1 root root 9048000 Jan 25 12:49 /usr/bin/qemu-system-ppc64\nlrwxrwxrwx 1 root root 17 Jan 25 12:49 /usr/bin/qemu-system-ppc64le -> qemu-system-ppc64\n-rwxr-xr-x 1 root root 8463680 Jan 25 12:49 /usr/bin/qemu-system-ppcemb\n-rwxr-xr-x 1 root root 6894528 Jan 25 12:49 /usr/bin/qemu-system-sh4\n-rwxr-xr-x 1 root root 6898624 Jan 25 12:49 /usr/bin/qemu-system-sh4eb\n-rwxr-xr-x 1 root root 4032000 Jan 25 12:49 /usr/bin/qemu-system-sparc\n-rwxr-xr-x 1 root root 7201696 Jan 25 12:49 /usr/bin/qemu-system-sparc64\n-rwxr-xr-x 1 root root 3704704 Jan 25 12:49 /usr/bin/qemu-system-tricore\n-rwxr-xr-x 1 root root 3554912 Jan 25 12:49 /usr/bin/qemu-system-unicore32\n-rwxr-xr-x 1 root root 8418656 Jan 25 12:49 /usr/bin/qemu-system-x86_64\n-rwxr-xr-x 1 root root 3653024 Jan 25 12:49 /usr/bin/qemu-system-xtensa\n-rwxr-xr-x 1 root root 3642752 Jan 25 12:49 /usr/bin/qemu-system-xtensaeb\nroot@kvm:~#\n\n```", "```\nroot@kvm:~# qemu-system-x86_64 --cpu help\nx86 qemu64 QEMU Virtual CPU version 2.5+\nx86 phenom AMD Phenom(tm) 9550 Quad-Core Processor\nx86 core2duo Intel(R) Core(TM)2 Duo CPU T7700 @ 2.40GHz\nx86 kvm64 Common KVM processor\nx86 qemu32 QEMU Virtual CPU version 2.5+\nx86 kvm32 Common 32-bit KVM processor\nx86 coreduo Genuine Intel(R) CPU T2600 @ 2.16GHz\nx86 486\nx86 pentium\nx86 pentium2\nx86 pentium3\nx86 athlon QEMU Virtual CPU version 2.5+\nx86 n270 Intel(R) Atom(TM) CPU N270 @ 1.60GHz\nx86 Conroe Intel Celeron_4x0 (Conroe/Merom Class Core 2)\nx86 Penryn Intel Core 2 Duo P9xxx (Penryn Class Core 2)\nx86 Nehalem Intel Core i7 9xx (Nehalem Class Core i7)\nx86 Westmere Westmere E56xx/L56xx/X56xx (Nehalem-C)\nx86 SandyBridge Intel Xeon E312xx (Sandy Bridge)\nx86 IvyBridge Intel Xeon E3-12xx v2 (Ivy Bridge)\nx86 Haswell-noTSX Intel Core Processor (Haswell, no TSX)\nx86 Haswell Intel Core Processor (Haswell)\nx86 Broadwell-noTSX Intel Core Processor (Broadwell, no TSX)\nx86 Broadwell Intel Core Processor (Broadwell)\nx86 Opteron_G1 AMD Opteron 240 (Gen 1 Class Opteron)\nx86 Opteron_G2 AMD Opteron 22xx (Gen 2 Class Opteron)\nx86 Opteron_G3 AMD Opteron 23xx (Gen 3 Class Opteron)\nx86 Opteron_G4 AMD Opteron 62xx class CPU\nx86 Opteron_G5 AMD Opteron 63xx class CPU\nx86 host KVM processor with all supported host features (only available in KVM mode)\n\nRecognized CPUID flags:\nfpu vme de pse tsc msr pae mce cx8 apic sep mtrr pge mca cmov pat pse36 pn clflush ds acpi mmx fxsr sse sse2 ss ht tm ia64 pbe\npni|sse3 pclmulqdq|pclmuldq dtes64 monitor ds_cpl vmx smx est tm2 ssse3 cid fma cx16 xtpr pdcm pcid dca sse4.1|sse4_1 sse4.2|sse4_2 x2apic movbe popcnt tsc-deadline aes xsave osxsave avx f16c rdrand hypervisor\nfsgsbase tsc_adjust bmi1 hle avx2 smep bmi2 erms invpcid rtm mpx avx512f rdseed adx smap pcommit clflushopt clwb avx512pf avx512er avx512cd\nsyscall nx|xd mmxext fxsr_opt|ffxsr pdpe1gb rdtscp lm|i64 3dnowext 3dnow\nlahf_lm cmp_legacy svm extapic cr8legacy abm sse4a misalignsse 3dnowprefetch osvw ibs xop skinit wdt lwp fma4 tce nodeid_msr tbm topoext perfctr_core perfctr_nb\ninvtsc\nxstore xstore-en xcrypt xcrypt-en ace2 ace2-en phe phe-en pmm pmm-en\nkvmclock kvm_nopiodelay kvm_mmu kvmclock kvm_asyncpf kvm_steal_time kvm_pv_eoi kvm_pv_unhalt kvmclock-stable-bit\nnpt lbrv svm_lock nrip_save tsc_scale vmcb_clean flushbyasid decodeassists pause_filter pfthreshold\nxsaveopt xsavec xgetbv1 xsaves\narat\nroot@kvm:~#\n\n```", "```\nroot@kvm:~# qemu-system-x86_64 -name debian -vnc 146.20.141.254:0 -cpu Nehalem -m 1024 -drive     format=raw,index=2,file=debian.img -daemonize    \nroot@kvm:~#\n\n```", "```\nroot@kvm:~# pgrep -lfa qemu\n3527 qemu-system-x86_64 -name debian -vnc 146.20.141.254:0 -m 1024 -drive format=raw,index=2,file=debian.img -daemonize    \nroot@kvm:~#\n\n```", "```\nroot@kvm:~# pkill qemu    \nroot@kvm:~#\n\n```", "```\nroot@kvm:~# qemu-system-x86_64 -vnc 146.20.141.254:0 -m 1024 -hda CentOS-7-x86_64-GenericCloud.qcow2 -daemonize    \nroot@kvm:~#\n\n```", "```\nroot@kvm:~# pgrep -lfa qemu\n3546 qemu-system-x86_64 -vnc 146.20.141.254:0 -m 1024 -hda CentOS-7-x86_64-GenericCloud.qcow2 -daemonize    \nroot@kvm:~#\n\n```", "```\nroot@kvm:~# pkill qemu    \nroot@kvm:~#\n\n```", "```\nroot@kvm:~# cat /proc/cpuinfo | egrep \"vmx|svm\" | uniq\nflags : fpu vme de pse tsc msr pae mce cx8 apic sep mtrr pge mca cmov pat pse36 clflush dts acpi mmx fxsr sse sse2 ss ht tm pbe syscall nx pdpe1gb rdtscp lm constant_tsc arch_perfmon pebs bts rep_good nopl xtopology nonstop_tsc aperfmperf eagerfpu pni pclmulqdq dtes64 monitor ds_cpl vmx smx est tm2 ssse3 sdbg fma cx16 xtpr pdcm pcid dca sse4_1 sse4_2 x2apic movbe popcnt tsc_deadline_timer aes xsave avx f16c rdrand lahf_lm abm epb tpr_shadow vnmi flexpriority ept vpid fsgsbase tsc_adjust bmi1 avx2 smep bmi2 erms invpcid cqm xsaveopt cqm_llc cqm_occup_llc dtherm arat pln pts\nroot@kvm:~#\n\n```", "```\nroot@kvm:~# modprobe kvm\nroot@kvm:~# lsmod | grep kvm\nkvm                   455843  0\nroot@kvm:~#\n\n```", "```\nroot@kvm:~# qemu-system-x86_64 -name debian -vnc 146.20.141.254:0 -m 1024 -drive format=raw,index=2,file=debian.img -enable-kvm -daemonize    \nroot@kvm:~#\n\n```", "```\nroot@kvm:~# pgrep -lfa qemu    \n4895 qemu-system-x86_64 -name debian -vnc 146.20.141.254:0 -m 1024 -drive format=raw,index=2,file=debian.img -enable-kvm -daemonize    \nroot@kvm:~#\n\n```", "```\nroot@kvm:~# pkill qemu    \nroot@kvm:~#\n\n```", "```\nroot@kvm:~# apt install qemu-kvm\n...\nroot@kvm:~# kvm -name debian -vnc 146.20.141.254:0 -cpu Nehalem -m 1024 -drive format=raw,index=2,file=debian.img -daemonize\nroot@kvm:~# pgrep -lfa qemu\n25343 qemu-system-x86_64 -enable-kvm -name debian -vnc 146.20.141.254:0 -cpu Nehalem -m 1024 -drive format=raw,index=2,file=debian.img -daemonize\nroot@kvm:~#\n\n```", "```\nroot@kvm:~# qemu-system-x86_64 -name debian -vnc 146.20.141.254:0 -cpu Nehalem -m 1024 -drive format=raw,index=2,file=debian.img -daemonize    \nroot@kvm:~#\n\n```", "```\nroot@kvm:~# pgrep -lfa qemu    \n4987 qemu-system-x86_64 -name debian -vnc 146.20.141.254:0 -cpu Nehalem -m 1024 -drive format=raw,index=2,file=debian.img -daemonize    \nroot@kvm:~#\n\n```"]